../Core/Src/main.c:146:6:PID_Control	24	static
../Core/Src/main.c:189:6:HAL_TIM_PeriodElapsedCallback	16	static
../Core/Src/main.c:208:6:HAL_TIM_IC_CaptureCallback	32	static
../Core/Src/main.c:276:6:sendToMatlab	104	static
../Core/Src/main.c:284:6:HAL_UART_RxCpltCallback	40	static
../Core/Src/main.c:367:6:test	4	static
../Core/Src/main.c:371:6:HAL_GPIO_EXTI_Callback	16	static
../Core/Src/main.c:391:6:DisplayActualInfo	16	static
../Core/Src/main.c:398:6:ShowInfo	40	static
../Core/Src/main.c:407:6:Autorzy	136	static
../Core/Src/main.c:425:5:main	24	static
../Core/Src/main.c:521:6:SystemClock_Config	88	static
../Core/Src/main.c:571:13:MX_ETH_Init	8	static
../Core/Src/main.c:620:13:MX_TIM2_Init	40	static
../Core/Src/main.c:665:13:MX_TIM3_Init	48	static
../Core/Src/main.c:714:13:MX_TIM4_Init	56	static
../Core/Src/main.c:772:13:MX_TIM5_Init	40	static
../Core/Src/main.c:817:13:MX_TIM9_Init	24	static
../Core/Src/main.c:855:13:MX_USART3_UART_Init	8	static
../Core/Src/main.c:890:13:MX_USB_OTG_FS_PCD_Init	8	static
../Core/Src/main.c:925:13:MX_GPIO_Init	56	static
../Core/Src/main.c:1009:6:Error_Handler	4	static,ignoring_inline_asm
