../Core/Src/main.c:141:6:PID_Control	24	static
../Core/Src/main.c:182:6:HAL_TIM_PeriodElapsedCallback	16	static
../Core/Src/main.c:195:6:HAL_TIM_IC_CaptureCallback	32	static
../Core/Src/main.c:224:6:HAL_UART_RxCpltCallback	16	static
../Core/Src/main.c:263:6:HAL_GPIO_EXTI_Callback	16	static
../Core/Src/main.c:276:6:DisplayActualInfo	16	static
../Core/Src/main.c:283:6:ShowInfo	24	static
../Core/Src/main.c:297:6:Autorzy	136	static
../Core/Src/main.c:315:5:main	24	static
../Core/Src/main.c:399:6:SystemClock_Config	88	static
../Core/Src/main.c:449:13:MX_ETH_Init	8	static
../Core/Src/main.c:498:13:MX_TIM2_Init	40	static
../Core/Src/main.c:543:13:MX_TIM3_Init	48	static
../Core/Src/main.c:592:13:MX_TIM4_Init	56	static
../Core/Src/main.c:650:13:MX_TIM5_Init	40	static
../Core/Src/main.c:695:13:MX_USART3_UART_Init	8	static
../Core/Src/main.c:730:13:MX_USB_OTG_FS_PCD_Init	8	static
../Core/Src/main.c:765:13:MX_GPIO_Init	56	static
../Core/Src/main.c:849:6:Error_Handler	4	static,ignoring_inline_asm
